// Jest Snapshot v1, https://goo.gl/fbAQLP

exports[`renders correctly with required props 1`] = `
Array [
  <div
    className="sc-fzpans dfpYMd"
  >
    <div
      className="sc-fzplWN fVFdGI"
    >
      <div
        className="sc-fznyAO gOmcgu"
      />
    </div>
  </div>,
  <h4
    className="sc-fzqARJ gLcvYt"
  >
    recent posts
  </h4>,
  <div
    className="sc-fznKkj dFcWAW"
  >
    <div
      className="sc-fznZeY kiEOwD"
    >
      <div
        className="sc-fzqBZW gLzUFZ"
      >
        <span
          className="sc-fzokOt hIUoln"
        />
        <span
          className="sc-fzokOt hIUoln"
        />
        <div
          className="sc-fzqNJr eoInjA"
        />
      </div>
    </div>
  </div>,
  <div
    className="sc-fznKkj dFcWAW"
  >
    <div
      className="sc-fznZeY kiEOwD"
    >
      <div
        className="sc-fzqBZW gLzUFZ"
      >
        <span
          className="sc-fzokOt hIUoln"
        />
        <span
          className="sc-fzokOt hIUoln"
        />
        <div
          className="sc-fzqNJr eoInjA"
        />
      </div>
    </div>
  </div>,
  <div
    className="sc-fznKkj dFcWAW"
  >
    <div
      className="sc-fznZeY kiEOwD"
    >
      <div
        className="sc-fzqBZW gLzUFZ"
      >
        <span
          className="sc-fzokOt hIUoln"
        />
        <span
          className="sc-fzokOt hIUoln"
        />
        <div
          className="sc-fzqNJr eoInjA"
        />
      </div>
    </div>
  </div>,
  <div
    className="sc-fznKkj dFcWAW"
  >
    <div
      className="sc-fznZeY kiEOwD"
    >
      <div
        className="sc-fzqBZW gLzUFZ"
      >
        <span
          className="sc-fzokOt hIUoln"
        />
        <span
          className="sc-fzokOt hIUoln"
        />
        <div
          className="sc-fzqNJr eoInjA"
        />
      </div>
    </div>
  </div>,
  <div
    className="sc-fznKkj dFcWAW"
  >
    <div
      className="sc-fznZeY kiEOwD"
    >
      <div
        className="sc-fzqBZW gLzUFZ"
      >
        <span
          className="sc-fzokOt hIUoln"
        />
        <span
          className="sc-fzokOt hIUoln"
        />
        <div
          className="sc-fzqNJr eoInjA"
        />
      </div>
    </div>
  </div>,
  <div
    className="sc-fznKkj dFcWAW"
  >
    <div
      className="sc-fznZeY kiEOwD"
    >
      <div
        className="sc-fzqBZW gLzUFZ"
      >
        <span
          className="sc-fzokOt hIUoln"
        />
        <span
          className="sc-fzokOt hIUoln"
        />
        <div
          className="sc-fzqNJr eoInjA"
        />
      </div>
    </div>
  </div>,
  <div
    className="sc-fznKkj dFcWAW"
  >
    <div
      className="sc-fznZeY kiEOwD"
    >
      <div
        className="sc-fzqBZW gLzUFZ"
      >
        <span
          className="sc-fzokOt hIUoln"
        />
        <span
          className="sc-fzokOt hIUoln"
        />
        <div
          className="sc-fzqNJr eoInjA"
        />
      </div>
    </div>
  </div>,
  <div
    className="sc-fznKkj dFcWAW"
  >
    <div
      className="sc-fznZeY kiEOwD"
    >
      <div
        className="sc-fzqBZW gLzUFZ"
      >
        <span
          className="sc-fzokOt hIUoln"
        />
        <span
          className="sc-fzokOt hIUoln"
        />
        <div
          className="sc-fzqNJr eoInjA"
        />
      </div>
    </div>
  </div>,
  <div
    className="sc-fznKkj dFcWAW"
  >
    <div
      className="sc-fznZeY kiEOwD"
    >
      <div
        className="sc-fzqBZW gLzUFZ"
      >
        <span
          className="sc-fzokOt hIUoln"
        />
        <span
          className="sc-fzokOt hIUoln"
        />
        <div
          className="sc-fzqNJr eoInjA"
        />
      </div>
    </div>
  </div>,
  <div
    className="sc-fznKkj dFcWAW"
  >
    <div
      className="sc-fznZeY kiEOwD"
    >
      <div
        className="sc-fzqBZW gLzUFZ"
      >
        <span
          className="sc-fzokOt hIUoln"
        />
        <span
          className="sc-fzokOt hIUoln"
        />
        <div
          className="sc-fzqNJr eoInjA"
        />
      </div>
    </div>
  </div>,
]
`;
