// Jest Snapshot v1, https://goo.gl/fbAQLP

exports[`renders correctly with all props 1`] = `
<div
  className="sc-AxjAm iBeqQx"
>
  <div
    className="sc-AxirZ fnqyIr"
  >
    <div
      className="sc-AxhCb cgpiIf"
    >
      <span
        className="sc-AxiKw kVugzN"
      />
      <span
        className="sc-AxiKw cNuSwo"
      />
      <div
        className="sc-AxhUy fvWBGO"
      />
    </div>
  </div>
</div>
`;
