// Jest Snapshot v1, https://goo.gl/fbAQLP

exports[`renders correctly with all props 1`] = `
<div
  className="infinite-scroll-component__outerdiv"
  style={Object {}}
>
  <div
    className="infinite-scroll-component "
    style={
      Object {
        "WebkitOverflowScrolling": "touch",
        "height": "auto",
        "overflow": "auto",
      }
    }
  >
    <h1
      className="sc-fzozJi kNFnqJ"
    >
      No more posts!
    </h1>
  </div>
</div>
`;
