// Jest Snapshot v1, https://goo.gl/fbAQLP

exports[`renders correctly with all props 1`] = `
Array [
  <div
    className="sc-AxjAm bOuJOe"
  >
    <div
      className="sc-AxirZ lddJMl"
    >
      <div
        className="sc-AxiKw hUtZHH"
      />
    </div>
  </div>,
  <div
    className="sc-AxjAm bOuJOe"
  >
    <div
      className="sc-AxirZ lddJMl"
    >
      <div
        className="sc-AxiKw hUtZHH"
      />
    </div>
  </div>,
  <div
    className="sc-AxjAm bOuJOe"
  >
    <div
      className="sc-AxirZ lddJMl"
    >
      <div
        className="sc-AxiKw hUtZHH"
      />
    </div>
  </div>,
  <div
    className="sc-AxjAm bOuJOe"
  >
    <div
      className="sc-AxirZ lddJMl"
    >
      <div
        className="sc-AxiKw hUtZHH"
      />
    </div>
  </div>,
  <div
    className="sc-AxjAm bOuJOe"
  >
    <div
      className="sc-AxirZ lddJMl"
    >
      <div
        className="sc-AxiKw hUtZHH"
      />
    </div>
  </div>,
  <div
    className="sc-AxjAm bOuJOe"
  >
    <div
      className="sc-AxirZ lddJMl"
    >
      <div
        className="sc-AxiKw hUtZHH"
      />
    </div>
  </div>,
  <div
    className="sc-AxjAm bOuJOe"
  >
    <div
      className="sc-AxirZ lddJMl"
    >
      <div
        className="sc-AxiKw hUtZHH"
      />
    </div>
  </div>,
  <div
    className="sc-AxjAm bOuJOe"
  >
    <div
      className="sc-AxirZ lddJMl"
    >
      <div
        className="sc-AxiKw hUtZHH"
      />
    </div>
  </div>,
  <div
    className="sc-AxjAm bOuJOe"
  >
    <div
      className="sc-AxirZ lddJMl"
    >
      <div
        className="sc-AxiKw hUtZHH"
      />
    </div>
  </div>,
  <div
    className="sc-AxjAm bOuJOe"
  >
    <div
      className="sc-AxirZ lddJMl"
    >
      <div
        className="sc-AxiKw hUtZHH"
      />
    </div>
  </div>,
]
`;
